// Jest Snapshot v1, https://goo.gl/fbAQLP

exports[`QuizDetail snapshot test 1`] = `
<RNCSafeAreaView
  edges={
    {
      "bottom": "additive",
      "left": "additive",
      "right": "additive",
      "top": "additive",
    }
  }
  style={
    {
      "backgroundColor": "#181818",
      "flex": 1,
    }
  }
>
  <RCTScrollView>
    <View>
      <View
        style={
          {
            "backgroundColor": "#181818",
            "flex": 1,
            "padding": 24,
          }
        }
      >
        <View
          style={
            {
              "alignItems": "center",
              "flexDirection": "row",
              "justifyContent": "space-between",
            }
          }
        >
          <View
            accessibilityState={
              {
                "busy": undefined,
                "checked": undefined,
                "disabled": undefined,
                "expanded": undefined,
                "selected": undefined,
              }
            }
            accessibilityValue={
              {
                "max": undefined,
                "min": undefined,
                "now": undefined,
                "text": undefined,
              }
            }
            accessible={true}
            collapsable={false}
            focusable={true}
            onClick={[Function]}
            onResponderGrant={[Function]}
            onResponderMove={[Function]}
            onResponderRelease={[Function]}
            onResponderTerminate={[Function]}
            onResponderTerminationRequest={[Function]}
            onStartShouldSetResponder={[Function]}
            style={
              {
                "alignItems": "center",
                "flexDirection": "row",
                "opacity": 1,
              }
            }
          >
            <Icon
              color="#33FD0A"
              name="chevron-back-outline"
              size={24}
              style={
                {
                  "marginBottom": 15,
                  "padding": 0,
                }
              }
            />
            <Text
              style={
                {
                  "color": "#33FD0A",
                  "fontFamily": "Raleway-SemiBold",
                  "fontSize": 17,
                  "marginBottom": 16,
                }
              }
            >
              Quiz
            </Text>
          </View>
        </View>
        <View
          style={
            {
              "borderBottomWidth": 1,
              "borderColor": "#C9C9C9",
              "borderRadius": 5,
              "flex": 1,
              "gap": 10,
              "padding": 10,
            }
          }
        >
          <View
            style={
              {
                "borderColor": "#33FD0A",
                "borderRadius": 5,
                "borderWidth": 2,
                "gap": 10,
                "padding": 20,
              }
            }
          >
            <Text
              style={
                [
                  {
                    "color": "black",
                    "fontFamily": "Raleway-Regular",
                    "fontSize": 15,
                  },
                  {
                    "color": "white",
                    "fontFamily": "Raleway-SemiBold",
                  },
                ]
              }
            >
              Question 
              1
              : 
            </Text>
            <Text
              style={
                [
                  {
                    "color": "black",
                    "fontFamily": "Raleway-Regular",
                    "fontSize": 15,
                  },
                  {
                    "color": "white",
                  },
                ]
              }
              type="default"
            >
              Sample Question?
            </Text>
          </View>
          <TextInput
            multiline={true}
            placeholder="Your answer"
            style={
              {
                "backgroundColor": "#CFFFC5",
                "borderRadius": 5,
                "color": "black",
                "fontFamily": "Raleway-Regular",
                "fontSize": 15,
                "marginTop": 10,
                "padding": 20,
              }
            }
          />
          <View
            accessibilityState={
              {
                "busy": undefined,
                "checked": undefined,
                "disabled": undefined,
                "expanded": undefined,
                "selected": undefined,
              }
            }
            accessibilityValue={
              {
                "max": undefined,
                "min": undefined,
                "now": undefined,
                "text": undefined,
              }
            }
            accessible={true}
            collapsable={false}
            focusable={true}
            onClick={[Function]}
            onResponderGrant={[Function]}
            onResponderMove={[Function]}
            onResponderRelease={[Function]}
            onResponderTerminate={[Function]}
            onResponderTerminationRequest={[Function]}
            onStartShouldSetResponder={[Function]}
            style={
              {
                "alignItems": "center",
                "backgroundColor": "#32FB0A",
                "borderRadius": 5,
                "flexDirection": "row",
                "gap": 5,
                "justifyContent": "center",
                "marginTop": 10,
                "opacity": 1,
                "padding": 10,
              }
            }
          >
            <Text
              style={
                {
                  "color": "black",
                  "fontFamily": "Raleway-Bold",
                  "fontSize": 15,
                }
              }
            >
              Reveal Answer
            </Text>
            <Icon
              color="black"
              name="eye-outline"
              size={20}
            />
          </View>
        </View>
      </View>
    </View>
  </RCTScrollView>
</RNCSafeAreaView>
`;
